=== kb/sources/mango-cc-manual/CC_manual_1.26.28.1.pdf body 11.0 markers 139
  1 '1' Начало работы 9
  2 '1.1' Регистрация нового пользователя 9
  1 None Регистрация нового пользователя 9
  2 '1.2' Вход в систему 17
  1 '2' Главное окно программы 21
  2 '2.1' Управление статусом 22
  2 '2.2' Пропущенные вызовы 24
  2 '2.3' Очередь обращений 26
  2 None Инструменты → Обращения → Очередь обращений. 26
  2 '2.4' Панель показателей 32
  2 '2.5' Панель управления телефонией 46
  3 None Настройки звука 65
  3 None Дополнительные настройки 66
  3 None Прохождение квеста – это пошаговое выполнение пользователем ключевых д 96
  2 '2.6' Панель графика работы 116
  1 '3' Dashboard 117
  2 '3.1' Создание и настройка виджета 119
  2 '3.2' Редактирование виджета 126
  2 '3.3' Удаление виджета 127
  2 '3.4' Виджеты по умолчанию 128
  1 '4' Обращения 128
  2 '4.1' Контроль обращений 129
  2 '4.2' Автоматическое распределение обращений 132
  2 '4.3' Мои обращения 133
  2 '4.4' Настройка автоматических действий 159
  2 '4.5' История обращений 161
  1 '5' Сделки 166
  2 None Безопасность и ограничения → Настройка доступа → (Выбрать роль) → Инст 166
  2 '5.1' Сделки в работе 170
  2 '5.2' История сделок 179
  2 '5.3' Воронка продаж 182
  2 '5.4' Настройка воронки продаж 185
  2 '5.5' Настройка автоматических действий 187
  2 '5.6' Настройка пользовательских полей 196
  3 None Добавление пользовательских полей 197
  3 None Настройки пользовательских полей 198
  3 None Настроить порядок пользовательских полей 200
  3 None Удаление пользовательских полей 200
  2 '5.7' Настройка причин отказа 200
  1 '6' Задачи 203
  2 '6.1' Календарь задач 203
  2 '6.2' Отчет по задачам 205
  2 '6.3' Список задач в верхней панели 206
  2 '6.4' Создание задачи 208
  3 None Вернуть исполнителю – вернуть задачу на доработку исполнителю. 210
  2 None Еще → Поставить задачу. 210
  3 None Остальные параметры – тип задачи, описание, автоматический набор – про 211
  2 '6.5' Просмотр задач из других модулей 212
  1 '7' Сотрудники 214
  2 '7.1' Контроль сотрудников 214
  2 '7.2' Карточка рабочего дня 217
  2 '7.3' Рабочее время сотрудника 220
  2 '7.4' Производительность сотрудников 223
  2 '7.5' Производительность групп 235
  2 '7.6' Достижения сотрудников 242
  1 '8' План работы (WFM) 245
  2 '8.1' График работы 246
  2 '8.2' Планирование входящих 251
  2 '8.3' Отчеты 258
  2 '8.4' Обмен сменами 262
=== kb/sources/cov-robot-fil/Модуль ЦОВ Робот Фил 2,0_manual_v7.26.28.pdf body 12.0 markers 74
  1 '1' Страница авторизации 5
  1 '2' Робот-администратор 6
  2 '2.1' Карточка робота-администратора 7
  2 '2.2' Скрипты робота-администратора 12
  2 '2.3' Настройки вебхука робота-администратора 13
  1 '3' Роботы 15
  2 '3.1' Форма покупки роботов 15
  2 '3.2' Страница «Роботы MANGO OFFICE» 16
  2 '3.3' Карточка робота 17
  2 '3.4' Скрипты для роботов 20
  2 '3.5' Настройки Робота 28
  2 '3.6' Статистика по скрипту робота 32
  2 '3.7' Аналитика по голосовым роботам 36
  1 '4' Чат-боты 39
  2 '4.1' Скрипты для чат-ботов 41
  2 '4.2' Настройки Чат-бота 42
  2 '4.3' Статистика по скрипту чат-бота 44
  1 '5' Конструктор скриптов 46
  2 '5.1' Блок Фраза робота 49
  2 '5.2' Блок Фраза чат-бота 59
  2 '5.3' Блок Голос в текст 67
  2 '5.4' Блок Отправить СМС 68
  2 '5.5' Блок Отправить E-mail 70
  2 '5.6' Блок Отправить http-запрос 71
  2 None 1) Последовательно перейти в раздел Разработчикам → Интеграции 77
  2 '5.7' Блок Добавить тематику 77
  2 '5.8' Блок Перевести звонок 79
  2 '5.9' Блок Сравнить значение 81
  2 '5.10' Блок Вычислить 84
  2 '5.11' Блок Перезвонить абоненту 86
  2 '5.12' Блок Интеграция 88
  2 '5.13' Блок Расписание 116
  2 '5.14' Блок Завершить 117
  2 '5.15' Блок Цикл 117
  2 '5.16' Блок Вход в процедуру 121
  2 '5.17' Блок Фоновые события 122
  2 '5.18' Блок Фоновые действия 125
  2 '5.19' Блок Режим ожидания 128
  2 '5.20' Блок Работа с памятью 130
  2 '5.21' Блок Перевести чат 132
  2 '5.22' Блок Вернуться 133
  2 '5.23' Блок Переход в скрипт 134
  2 '5.24' Блок AI-ассистент для чат-ботов 135
  2 '5.25' Блок AI-ассистент для голосовых роботов 140
  1 '6' Настройки интеграций 142
  2 '6.1' Интеграция с AmoCRM 142
  2 '6.2' Интеграция с МИС Инфоклиника 146
  2 '6.3' Интеграция с MANGO Диалоги 148
  2 '6.4' Интеграция с Битрикс24 149
  2 None Разработчикам → Другое → Входящий вебхук: https://ваше_имя _CRM/devops 149
  2 '6.5' Интеграция с IIKO 151
  2 '6.6' Интеграция с YCLIENTS 153
  2 '6.7' Интеграция с DaData 155
  2 '6.8' Интеграция с API Коннектор MANGO OFFICE 157
  2 '6.9' Интеграция с E-Staff 158
  2 '6.10' Интеграция с RetailCRM 160
  1 '7' Переменные 161
  1 '8' Справочник ответов 166
  1 '9' Процедуры 172
  2 '9.1' Создание процедуры 172
